---
source: src/image/mod.rs
assertion_line: 133
expression: result

---
Ok(
    [
        Pixel {
            r: 6,
            g: 59,
            b: 51,
        },
        Pixel {
            r: 11,
            g: 82,
            b: 73,
        },
        Pixel {
            r: 19,
            g: 101,
            b: 92,
        },
        Pixel {
            r: 27,
            g: 116,
            b: 106,
        },
        Pixel {
            r: 29,
            g: 122,
            b: 110,
        },
        Pixel {
            r: 26,
            g: 117,
            b: 107,
        },
        Pixel {
            r: 17,
            g: 103,
            b: 95,
        },
        Pixel {
            r: 8,
            g: 89,
            b: 81,
        },
        Pixel {
            r: 9,
            g: 81,
            b: 71,
        },
        Pixel {
            r: 18,
            g: 109,
            b: 99,
        },
        Pixel {
            r: 98,
            g: 101,
            b: 69,
        },
        Pixel {
            r: 156,
            g: 84,
            b: 44,
        },
        Pixel {
            r: 168,
            g: 91,
            b: 43,
        },
        Pixel {
            r: 103,
            g: 112,
            b: 82,
        },
        Pixel {
            r: 30,
            g: 135,
            b: 123,
        },
        Pixel {
            r: 16,
            g: 110,
            b: 100,
        },
        Pixel {
            r: 11,
            g: 101,
            b: 91,
        },
        Pixel {
            r: 52,
            g: 123,
            b: 103,
        },
        Pixel {
            r: 174,
            g: 115,
            b: 81,
        },
        Pixel {
            r: 213,
            g: 191,
            b: 180,
        },
        Pixel {
            r: 208,
            g: 180,
            b: 164,
        },
        Pixel {
            r: 181,
            g: 111,
            b: 67,
        },
        Pixel {
            r: 71,
            g: 133,
            b: 110,
        },
        Pixel {
            r: 24,
            g: 131,
            b: 120,
        },
        Pixel {
            r: 12,
            g: 115,
            b: 105,
        },
        Pixel {
            r: 53,
            g: 132,
            b: 115,
        },
        Pixel {
            r: 193,
            g: 161,
            b: 145,
        },
        Pixel {
            r: 194,
            g: 169,
            b: 163,
        },
        Pixel {
            r: 203,
            g: 179,
            b: 174,
        },
        Pixel {
            r: 191,
            g: 150,
            b: 128,
        },
        Pixel {
            r: 88,
            g: 146,
            b: 121,
        },
        Pixel {
            r: 29,
            g: 143,
            b: 132,
        },
        Pixel {
            r: 12,
            g: 124,
            b: 114,
        },
        Pixel {
            r: 68,
            g: 154,
            b: 141,
        },
        Pixel {
            r: 221,
            g: 201,
            b: 190,
        },
        Pixel {
            r: 209,
            g: 186,
            b: 181,
        },
        Pixel {
            r: 212,
            g: 189,
            b: 186,
        },
        Pixel {
            r: 226,
            g: 207,
            b: 199,
        },
        Pixel {
            r: 95,
            g: 170,
            b: 156,
        },
        Pixel {
            r: 32,
            g: 147,
            b: 137,
        },
        Pixel {
            r: 8,
            g: 123,
            b: 114,
        },
        Pixel {
            r: 47,
            g: 135,
            b: 117,
        },
        Pixel {
            r: 203,
            g: 169,
            b: 147,
        },
        Pixel {
            r: 223,
            g: 203,
            b: 195,
        },
        Pixel {
            r: 223,
            g: 203,
            b: 196,
        },
        Pixel {
            r: 209,
            g: 179,
            b: 158,
        },
        Pixel {
            r: 70,
            g: 145,
            b: 123,
        },
        Pixel {
            r: 26,
            g: 139,
            b: 130,
        },
        Pixel {
            r: 5,
            g: 116,
            b: 108,
        },
        Pixel {
            r: 28,
            g: 139,
            b: 125,
        },
        Pixel {
            r: 148,
            g: 144,
            b: 113,
        },
        Pixel {
            r: 217,
            g: 192,
            b: 180,
        },
        Pixel {
            r: 217,
            g: 191,
            b: 179,
        },
        Pixel {
            r: 174,
            g: 150,
            b: 118,
        },
        Pixel {
            r: 43,
            g: 139,
            b: 123,
        },
        Pixel {
            r: 18,
            g: 125,
            b: 116,
        },
        Pixel {
            r: 3,
            g: 103,
            b: 96,
        },
        Pixel {
            r: 6,
            g: 121,
            b: 113,
        },
        Pixel {
            r: 13,
            g: 140,
            b: 130,
        },
        Pixel {
            r: 30,
            g: 147,
            b: 136,
        },
        Pixel {
            r: 34,
            g: 147,
            b: 135,
        },
        Pixel {
            r: 25,
            g: 140,
            b: 129,
        },
        Pixel {
            r: 16,
            g: 125,
            b: 117,
        },
        Pixel {
            r: 9,
            g: 107,
            b: 100,
        },
    ],
)
