---
source: src/image/mod.rs
assertion_line: 120
expression: result

---
Ok(
    [
        Pixel {
            r: 183,
            g: 183,
            b: 194,
        },
        Pixel {
            r: 176,
            g: 180,
            b: 184,
        },
        Pixel {
            r: 206,
            g: 194,
            b: 201,
        },
        Pixel {
            r: 208,
            g: 194,
            b: 202,
        },
        Pixel {
            r: 213,
            g: 199,
            b: 206,
        },
        Pixel {
            r: 208,
            g: 193,
            b: 200,
        },
        Pixel {
            r: 201,
            g: 161,
            b: 168,
        },
        Pixel {
            r: 197,
            g: 151,
            b: 168,
        },
        Pixel {
            r: 151,
            g: 117,
            b: 116,
        },
        Pixel {
            r: 135,
            g: 119,
            b: 113,
        },
        Pixel {
            r: 167,
            g: 122,
            b: 121,
        },
        Pixel {
            r: 181,
            g: 131,
            b: 129,
        },
        Pixel {
            r: 163,
            g: 146,
            b: 153,
        },
        Pixel {
            r: 161,
            g: 139,
            b: 134,
        },
        Pixel {
            r: 184,
            g: 86,
            b: 86,
        },
        Pixel {
            r: 180,
            g: 106,
            b: 109,
        },
        Pixel {
            r: 160,
            g: 157,
            b: 170,
        },
        Pixel {
            r: 69,
            g: 70,
            b: 68,
        },
        Pixel {
            r: 150,
            g: 140,
            b: 157,
        },
        Pixel {
            r: 185,
            g: 96,
            b: 105,
        },
        Pixel {
            r: 117,
            g: 109,
            b: 119,
        },
        Pixel {
            r: 98,
            g: 97,
            b: 103,
        },
        Pixel {
            r: 175,
            g: 81,
            b: 89,
        },
        Pixel {
            r: 148,
            g: 121,
            b: 142,
        },
        Pixel {
            r: 139,
            g: 126,
            b: 126,
        },
        Pixel {
            r: 89,
            g: 79,
            b: 38,
        },
        Pixel {
            r: 140,
            g: 119,
            b: 132,
        },
        Pixel {
            r: 174,
            g: 78,
            b: 76,
        },
        Pixel {
            r: 86,
            g: 98,
            b: 126,
        },
        Pixel {
            r: 100,
            g: 111,
            b: 142,
        },
        Pixel {
            r: 39,
            g: 55,
            b: 64,
        },
        Pixel {
            r: 125,
            g: 124,
            b: 146,
        },
        Pixel {
            r: 64,
            g: 63,
            b: 56,
        },
        Pixel {
            r: 61,
            g: 58,
            b: 44,
        },
        Pixel {
            r: 81,
            g: 53,
            b: 47,
        },
        Pixel {
            r: 82,
            g: 53,
            b: 51,
        },
        Pixel {
            r: 60,
            g: 64,
            b: 77,
        },
        Pixel {
            r: 68,
            g: 73,
            b: 89,
        },
        Pixel {
            r: 31,
            g: 44,
            b: 48,
        },
        Pixel {
            r: 75,
            g: 73,
            b: 77,
        },
        Pixel {
            r: 24,
            g: 25,
            b: 20,
        },
        Pixel {
            r: 21,
            g: 21,
            b: 15,
        },
        Pixel {
            r: 31,
            g: 33,
            b: 27,
        },
        Pixel {
            r: 24,
            g: 25,
            b: 19,
        },
        Pixel {
            r: 34,
            g: 30,
            b: 24,
        },
        Pixel {
            r: 30,
            g: 28,
            b: 22,
        },
        Pixel {
            r: 41,
            g: 43,
            b: 36,
        },
        Pixel {
            r: 33,
            g: 30,
            b: 23,
        },
        Pixel {
            r: 103,
            g: 39,
            b: 31,
        },
        Pixel {
            r: 198,
            g: 82,
            b: 62,
        },
        Pixel {
            r: 224,
            g: 111,
            b: 81,
        },
        Pixel {
            r: 237,
            g: 118,
            b: 86,
        },
        Pixel {
            r: 240,
            g: 122,
            b: 88,
        },
        Pixel {
            r: 235,
            g: 111,
            b: 81,
        },
        Pixel {
            r: 216,
            g: 84,
            b: 64,
        },
        Pixel {
            r: 112,
            g: 41,
            b: 33,
        },
        Pixel {
            r: 64,
            g: 34,
            b: 27,
        },
        Pixel {
            r: 112,
            g: 41,
            b: 32,
        },
        Pixel {
            r: 97,
            g: 60,
            b: 44,
        },
        Pixel {
            r: 91,
            g: 51,
            b: 38,
        },
        Pixel {
            r: 96,
            g: 55,
            b: 40,
        },
        Pixel {
            r: 110,
            g: 56,
            b: 42,
        },
        Pixel {
            r: 134,
            g: 45,
            b: 36,
        },
        Pixel {
            r: 65,
            g: 34,
            b: 26,
        },
    ],
)
