---
source: src/image/mod.rs
assertion_line: 45
expression: scaled_image

---
Image {
    width: 8,
    height: 8,
    bytes: [
        6,
        59,
        51,
        11,
        82,
        73,
        19,
        101,
        92,
        27,
        116,
        106,
        29,
        122,
        110,
        26,
        117,
        107,
        17,
        103,
        95,
        8,
        89,
        81,
        9,
        81,
        71,
        18,
        109,
        99,
        98,
        101,
        69,
        156,
        84,
        44,
        168,
        91,
        43,
        103,
        112,
        82,
        30,
        135,
        123,
        16,
        110,
        100,
        11,
        101,
        91,
        52,
        123,
        103,
        174,
        115,
        81,
        213,
        191,
        180,
        208,
        180,
        164,
        181,
        111,
        67,
        71,
        133,
        110,
        24,
        131,
        120,
        12,
        115,
        105,
        53,
        132,
        115,
        193,
        161,
        145,
        194,
        169,
        163,
        203,
        179,
        174,
        191,
        150,
        128,
        88,
        146,
        121,
        29,
        143,
        132,
        12,
        124,
        114,
        68,
        154,
        141,
        221,
        201,
        190,
        209,
        186,
        181,
        212,
        189,
        186,
        226,
        207,
        199,
        95,
        170,
        156,
        32,
        147,
        137,
        8,
        123,
        114,
        47,
        135,
        117,
        203,
        169,
        147,
        223,
        203,
        195,
        223,
        203,
        196,
        209,
        179,
        158,
        70,
        145,
        123,
        26,
        139,
        130,
        5,
        116,
        108,
        28,
        139,
        125,
        148,
        144,
        113,
        217,
        192,
        180,
        217,
        191,
        179,
        174,
        150,
        118,
        43,
        139,
        123,
        18,
        125,
        116,
        3,
        103,
        96,
        6,
        121,
        113,
        13,
        140,
        130,
        30,
        147,
        136,
        34,
        147,
        135,
        25,
        140,
        129,
        16,
        125,
        117,
        9,
        107,
        100,
    ],
}
